
Configuration:
----------------------------------------------
requirement_list     : ../internal_tb/internal_req_file.csv
partial_cov          : ../sim/pc_10.csv
requirement_map_list : None
spec_cov             : ../sim/sc_10.csv
clean                : False
strictness           : 0
config               : None


SUMMARY:
----------------------------------------------
Number of compliant requirements     : 0
Number of non compliant requirements : 1
Number of non verified requirements  : 6
Number of passing testcases : 1
Number of failing testcases : 0
Number of not run testcases : 7


Non compliant requirement(s) :
REQ_1, 

Not verified requirement(s) :
REQ_2, REQ_3, REQ_4, REQ_5, REQ_6, REQ_7, 

Passing testcase(s) :
TC_1, 

Not run testcase(s) :
TC_2, TC_3, TC_4, TC_4_FAIL, TC_5, TC_6, TC_7, 

