b'\r\nConfiguration:\r\n----------------------------------------------\r\nrequirement_list     : ../internal_tb/internal_req_file.csv\r\npartial_cov          : ../sim/pc_2.csv\r\nrequirement_map_list : None\r\nspec_cov             : ../sim/sc_2.csv\r\nclean                : False\r\nstrictness           : 0\r\nconfig               : None\r\n\r\n\r\nSUMMARY:\r\n----------------------------------------------\r\nNumber of compliant requirements     : 1\r\nNumber of non compliant requirements : 0\r\nNumber of non verified requirements  : 6\r\nNumber of passing testcases : 1\r\nNumber of failing testcases : 0\r\nNumber of not run testcases : 7\r\n\r\n\r\nCompliant requirement(s) :\r\nREQ_2, \r\n\r\nNot verified requirement(s) :\r\nREQ_1, REQ_3, REQ_4, REQ_5, REQ_6, REQ_7, \r\n\r\nPassing testcase(s) :\r\nTC_2, \r\n\r\nNot run testcase(s) :\r\nTC_1, TC_3, TC_4, TC_4_FAIL, TC_5, TC_6, TC_7, \r\n\r\n'
