b'\r\nConfiguration:\r\n----------------------------------------------\r\nrequirement_list     : None\r\npartial_cov          : ../sim/pc_1.csv\r\nrequirement_map_list : None\r\nspec_cov             : ../sim/sc_1.csv\r\nclean                : False\r\nstrictness           : 0\r\nconfig               : None\r\n\r\n\r\nSUMMARY:\r\n----------------------------------------------\r\nNumber of compliant requirements     : 1\r\nNumber of non compliant requirements : 0\r\nNumber of non verified requirements  : 0\r\nNumber of passing testcases : 1\r\nNumber of failing testcases : 0\r\nNumber of not run testcases : 0\r\n\r\n\r\nCompliant requirement(s) :\r\nREQ_1, \r\n\r\nPassing testcase(s) :\r\nTC_1, \r\n\r\n'
