b'\r\nConfiguration:\r\n----------------------------------------------\r\nrequirement_list     : ../internal_tb/internal_sub_req_file.csv\r\npartial_cov          : ../sim/pc_8.csv\r\nrequirement_map_list : ../internal_tb/internal_sub_req_map_file.csv\r\nspec_cov             : ../sim/sc_8_2.csv\r\nclean                : False\r\nstrictness           : 2\r\nconfig               : ../internal_tb/internal_cfg_1_strict_2.txt\r\n\r\n\r\nSUMMARY:\r\n----------------------------------------------\r\nNumber of compliant requirements     : 2\r\nNumber of non compliant requirements : 3\r\nNumber of non verified requirements  : 0\r\nNumber of passing testcases : 1\r\nNumber of failing testcases : 0\r\nNumber of not run testcases : 5\r\n\r\n\r\nCompliant requirement(s) :\r\nUART_REQ_BR_A, UART_REQ_BR_B, \r\n\r\nNon compliant requirement(s) :\r\nUART_REQ_ODD, UART_REQ_EVEN, UART_REQ_GENERAL, \r\n\r\nPassing testcase(s) :\r\nTC_SUB_REQ, \r\n\r\nNot run testcase(s) :\r\nTC_5, TC_6, TC_1, TC_2, TC_3, \r\n\r\n'
