Requirement,Testcase(s)

Requirement,Sub-requirement(s)

Testcase,Requirement(s)
TC_1,REQ_1 
