Requirement,Testcase,Compliance
REQ_1, TC_1, NON COMPLIANT
