Requirement,Testcases,Compliance
REQ_1, TC_1 , COMPLIANT
