Testcase,Requirement,Result
TC_1, REQ_1 , PASS



Testcase,Requirement,Result
TC_1, REQ_1, PASS
