Requirement,Testcases,Compliance
REQ_2, TC_2, COMPLIANT
