Testcase,Requirements,Result
TC_2, REQ_2 , PASS
TC_1, , NOT RUN
TC_3, , NOT RUN
TC_4, , NOT RUN
TC_4_FAIL, , NOT RUN
TC_5, , NOT RUN
TC_6, , NOT RUN
TC_7, , NOT RUN
