Requirement,Testcases,Compliance
REQ_3, TC_3 TC_50 , COMPLIANT
REQ_10, TC_1 , COMPLIANT
REQ_1, , NOT VERIFIED
REQ_2, , NOT VERIFIED
REQ_4, , NOT VERIFIED
REQ_5, , NOT VERIFIED
REQ_6, , NOT VERIFIED
REQ_7, , NOT VERIFIED
