Requirement,Testcases,Compliance
REQ_3, TC_3, COMPLIANT
REQ_3, TC_50, COMPLIANT
REQ_10, TC_1, COMPLIANT
