Testcase,Requirements,Result
TC_3, REQ_3 , PASS
TC_50, REQ_3 , PASS
TC_1, REQ_10 , PASS
TC_1, , NOT RUN
TC_2, , NOT RUN
TC_4, , NOT RUN
TC_4_FAIL, , NOT RUN
TC_5, , NOT RUN
TC_6, , NOT RUN
TC_7, , NOT RUN
