Testcase,Requirements,Result
TC_4_FAIL, REQ_4 , FAIL
TC_4, REQ_4 , PASS
TC_1, , NOT RUN
TC_2, , NOT RUN
TC_3, , NOT RUN
TC_5, , NOT RUN
TC_6, , NOT RUN
TC_7, , NOT RUN
