Requirement,Testcases,Compliance
REQ_4, TC_4_FAIL, NON COMPLIANT
REQ_4, TC_4, NON COMPLIANT
