Requirement,Testcase(s)

Requirement,Sub-requirement(s)

Testcase,Requirement(s)
