Requirement,Testcase,Compliance
REQ_5, TC_5, NON COMPLIANT
