Testcase,Requirements,Result
TC_6, REQ_6 , PASS
TC_1, , NOT RUN
TC_2, , NOT RUN
TC_3, , NOT RUN
TC_4, , NOT RUN
TC_4_FAIL, , NOT RUN
TC_5, , NOT RUN
TC_7, , NOT RUN
