Requirement,Testcases,Compliance
REQ_6, TC_6, NON COMPLIANT
