Testcase,Requirement,Result
TC_6, REQ_6 , PASS
TC_1, REQ_1 , NOT RUN
TC_2, REQ_2 , NOT RUN
TC_3, REQ_3 , NOT RUN
TC_4, REQ_4 , NOT RUN
TC_4_FAIL, REQ_4 , NOT RUN
TC_5, REQ_5 , NOT RUN
TC_7, REQ_7 , NOT RUN
