Requirement,Testcase,Compliance
REQ_1, TC_1 , NOT VERIFIED
REQ_2, TC_2 , NOT VERIFIED
REQ_3, TC_3 , NOT VERIFIED
REQ_4, TC_4 TC_4_FAIL , NOT VERIFIED
REQ_5, TC_5 , NOT VERIFIED
REQ_6, TC_6 , NOT VERIFIED
REQ_7, TC_7 , NOT VERIFIED
