Requirement,Testcases,Compliance
REQ_1, , NOT VERIFIED
REQ_2, , NOT VERIFIED
REQ_3, , NOT VERIFIED
REQ_4, , NOT VERIFIED
REQ_5, , NOT VERIFIED
REQ_6, , NOT VERIFIED
REQ_7, , NOT VERIFIED
