Testcase,Requirement,Result
TC_SUB_REQ, UART_REQ_BR_A , PASS
TC_SUB_REQ, UART_REQ_BR_B , PASS
TC_SUB_REQ, UART_REQ_ODD , PASS
TC_SUB_REQ, UART_REQ_EVEN , PASS
TC_5, UART_REQ_ODD , NOT RUN
TC_6, UART_REQ_ODD , NOT RUN
TC_1, UART_REQ_EVEN , NOT RUN
TC_2, UART_REQ_EVEN , NOT RUN
TC_3, UART_REQ_EVEN , NOT RUN
