Testcase,Requirements,Result
TC_SUB_REQ, UART_REQ_BR_A , PASS
TC_SUB_REQ, UART_REQ_BR_B , PASS
TC_SUB_REQ, UART_REQ_ODD , PASS
TC_SUB_REQ, UART_REQ_EVEN , PASS
TC_5, , NOT RUN
TC_6, , NOT RUN
TC_1, , NOT RUN
TC_2, , NOT RUN
TC_3, , NOT RUN
