Requirement,Testcase(s)
UART_REQ_BR_A,TC_SUB_REQ 
UART_REQ_BR_B,TC_SUB_REQ 
UART_REQ_ODD,TC_SUB_REQ 
UART_REQ_EVEN,TC_SUB_REQ 

Requirement,Sub-requirement(s)

Testcase,Requirement(s)
TC_SUB_REQ,UART_REQ_BR_A 
TC_SUB_REQ,UART_REQ_BR_B 
TC_SUB_REQ,UART_REQ_ODD 
TC_SUB_REQ,UART_REQ_EVEN 
