UVVM: 
UVVM: =========================================================================================================================================================================
UVVM: ***  TB_ERROR #1  ***
UVVM:             0 ns   TB seq.
UVVM:                    check_value() => Failed. Boolean was false. 'triggering alert'
UVVM: =========================================================================================================================================================================
UVVM: 
UVVM: 
UVVM: 
UVVM: =========================================================================================================================================================================
UVVM: ***  TB_ERROR #2  ***
UVVM:             0 ns   TB seq.
UVVM:                    check_value() => Failed. Boolean was false. 'triggering alert'
UVVM: 
UVVM: Simulator has been paused as requested after 2 TB_ERROR
UVVM: *** To find the root cause of this alert, step out the HDL calling stack in your simulator. ***
UVVM: *** For example, step out until you reach the call from the test sequencer. ***
UVVM: =========================================================================================================================================================================
UVVM: 
UVVM: 
